
=== FINAL 移댄뀒怨좊━蹂??좊땲硫붿씠??媛쒖닔 ===
Step 1: Action & Adventure - 33媛?  ?덉떆: Shingeki no Kyojin, Fullmetal Alchemist: Brotherhood, Sword Art Online
Step 2: Fantasy & Supernatural - 37媛?  ?덉떆: Death Note, Steins;Gate, No Game No Life
Step 3: Comedy & Slice of Life - 6媛?  ?덉떆: Shokugeki no Souma, Yahari Ore no Seishun Love Comedy wa Machigatteiru., Chuunibyou demo Koi ga Shitai!
Step 4: Drama & Emotional - 14媛?  ?덉떆: Kimi no Na wa., Toradora!, Shigatsu wa Kimi no Uso
Step 5: Mystery & Suspense - 10媛?  ?덉떆: Tokyo Ghoul, Boku dake ga Inai Machi, Kiseijuu: Sei no Kakuritsu

珥??좊땲硫붿씠??媛쒖닔: 100

??紐⑤뱺 ?ㅽ뀦??異⑸텇???좊땲硫붿씠?섏씠 ?덉뒿?덈떎!
